// Jest Snapshot v1, https://goo.gl/fbAQLP

exports[`footer class test 1`] = `
<div>
  <footer
    class="bg-light text-center text-white"
    role="footcont"
  >
    <div
      class="container p-4 pb-0"
    >
      <section
        class="mb-4"
      >
        <a
          class="ripple ripple-surface btn btn-primary btn-floating m-1"
          href="https://reautydao.io/"
          id="reautydao"
          role="button facebook"
          style="background-color: rgb(59, 89, 152);"
        >
          <i
            class="fab fa-facebook-f"
          />
        </a>
        <a
          class="ripple ripple-surface btn btn-primary btn-floating m-1"
          href="https://twitter.com/ReautyDao"
          role="button"
          style="background-color: rgb(85, 172, 238);"
        >
          <i
            class="fab fa-twitter"
          />
        </a>
        <a
          class="ripple ripple-surface btn btn-primary btn-floating m-1"
          href="https://reautydao.io/"
          role="button"
          style="background-color: rgb(221, 75, 57);"
        >
          <i
            class="fab fa-google"
          />
        </a>
        <a
          class="ripple ripple-surface btn btn-primary btn-floating m-1"
          href="https://www.instagram.com/reautyapp/"
          role="button"
          style="background-color: rgb(172, 43, 172);"
        >
          <i
            class="fab fa-instagram"
          />
        </a>
        <a
          class="ripple ripple-surface btn btn-primary btn-floating m-1"
          href="https://www.linkedin.com/company/blingy/"
          role="button"
          style="background-color: rgb(0, 130, 202);"
        >
          <i
            class="fab fa-linkedin-in"
          />
        </a>
        <a
          class="ripple ripple-surface btn btn-primary btn-floating m-1"
          href="https://reautydao.io/"
          role="button"
          style="background-color: rgb(51, 51, 51);"
        >
          <i
            class="fab fa-discord"
          />
        </a>
      </section>
      <img
        alt="Logo"
        src="reauty-logo.png"
        style="height: 10vh;"
      />
    </div>
    <div
      style="display: flex; flex-direction: row; align-items: row; justify-content: center;"
    >
      <p
        style="font-size: 2vh; color: rgb(0, 0, 0);"
      >
        Â©  
      </p>
      <a
        href="https://reautydao.io"
        style="font-size: 2vh; color: rgb(0, 0, 0);"
      >
        ReautyDAO
      </a>
       - 
      <p
        style="font-size: 2vh; color: rgb(0, 0, 0);"
      >
        2022
      </p>
    </div>
  </footer>
</div>
`;
