// Jest Snapshot v1, https://goo.gl/fbAQLP

exports[`should render as default snackbar 1`] = `null`;
